============================= test session starts =============================
platform win32 -- Python 3.12.0, pytest-9.0.2, pluggy-1.6.0
rootdir: E:\Agent\startup_builder
configfile: pyproject.toml
plugins: anyio-4.12.1, langsmith-0.7.1, asyncio-1.3.0
asyncio: mode=Mode.AUTO, debug=False, asyncio_default_fixture_loop_scope=None, asyncio_default_test_loop_scope=function
collected 0 items / 2 errors

=================================== ERRORS ====================================
____________________ ERROR collecting tests/test_agents.py ____________________
ImportError while importing test module 'E:\Agent\startup_builder\tests\test_agents.py'.
Hint: make sure your test modules/packages have valid Python names.
Traceback:
C:\Python312\Lib\importlib\__init__.py:90: in import_module
    return _bootstrap._gcd_import(name[level:], package, level)
           ^^^^^^^^^^^^^^^^^^^^^^^^^^^^^^^^^^^^^^^^^^^^^^^^^^^^
tests\test_agents.py:3: in <module>
    from controller.agents import ProductAgent, ArchitectureAgent
controller\agents.py:4: in <module>
    from langchain.prompts import ChatPromptTemplate
E   ModuleNotFoundError: No module named 'langchain.prompts'
_________________ ERROR collecting tests/test_orchestrator.py _________________
ImportError while importing test module 'E:\Agent\startup_builder\tests\test_orchestrator.py'.
Hint: make sure your test modules/packages have valid Python names.
Traceback:
C:\Python312\Lib\importlib\__init__.py:90: in import_module
    return _bootstrap._gcd_import(name[level:], package, level)
           ^^^^^^^^^^^^^^^^^^^^^^^^^^^^^^^^^^^^^^^^^^^^^^^^^^^^
tests\test_orchestrator.py:3: in <module>
    from controller.orchestrator import Orchestrator
controller\orchestrator.py:5: in <module>
    from .agents import (
controller\agents.py:4: in <module>
    from langchain.prompts import ChatPromptTemplate
E   ModuleNotFoundError: No module named 'langchain.prompts'
=========================== short test summary info ===========================
ERROR tests/test_agents.py
ERROR tests/test_orchestrator.py
!!!!!!!!!!!!!!!!!!! Interrupted: 2 errors during collection !!!!!!!!!!!!!!!!!!!
============================== 2 errors in 1.95s ==============================
